
> talexia@0.1.0 build
> next build

▲ Next.js 16.1.6 (Turbopack)

  Creating an optimized production build ...
Turbopack build encountered 1 warnings:
./tailwind.config.js:22:13
Module not found: Can't resolve 'tailwindcss-animate'
[0m [90m 20 |[39m     }[33m,[39m
 [90m 21 |[39m   }[33m,[39m
[31m[1m>[22m[39m[90m 22 |[39m   plugins[33m:[39m [require([32m"tailwindcss-animate"[39m)][33m,[39m
 [90m    |[39m             [31m[1m^[22m[39m[31m[1m^[22m[39m[31m[1m^[22m[39m[31m[1m^[22m[39m[31m[1m^[22m[39m[31m[1m^[22m[39m[31m[1m^[22m[39m[31m[1m^[22m[39m[31m[1m^[22m[39m[31m[1m^[22m[39m[31m[1m^[22m[39m[31m[1m^[22m[39m[31m[1m^[22m[39m[31m[1m^[22m[39m[31m[1m^[22m[39m[31m[1m^[22m[39m[31m[1m^[22m[39m[31m[1m^[22m[39m[31m[1m^[22m[39m[31m[1m^[22m[39m[31m[1m^[22m[39m[31m[1m^[22m[39m[31m[1m^[22m[39m[31m[1m^[22m[39m[31m[1m^[22m[39m[31m[1m^[22m[39m[31m[1m^[22m[39m[31m[1m^[22m[39m[31m[1m^[22m[39m[31m[1m^[22m[39m
 [90m 23 |[39m }
 [90m 24 |[39m[0m



https://nextjs.org/docs/messages/module-not-found



> Build error occurred
Error: Turbopack build failed with 1 errors:
./app/globals.css
Error evaluating Node.js code
Error: Cannot find module 'tailwindcss-animate'
Require stack:
- C:\Users\Ashim\ruben_gorjian_frontend\tailwind.config.js
    [at Module._resolveFilename (node:internal/modules/cjs/loader:1456:15)]
    [at require.resolve (node:internal/modules/helpers:163:19)]
    [at _resolve (C:\Users\Ashim\ruben_gorjian_frontend\node_modules\jiti\dist\jiti.js:1:246378)]
    [at jiti (C:\Users\Ashim\ruben_gorjian_frontend\node_modules\jiti\dist\jiti.js:1:249092)]
    [at C:\Users\Ashim\ruben_gorjian_frontend\tailwind.config.js:22:13]
    [at evalModule (C:\Users\Ashim\ruben_gorjian_frontend\node_modules\jiti\dist\jiti.js:1:251913)]
    [at jiti (C:\Users\Ashim\ruben_gorjian_frontend\node_modules\jiti\dist\jiti.js:1:249841)]
    [at C:\Users\Ashim\ruben_gorjian_frontend\node_modules\tailwindcss\lib\lib\load-config.js:53:30]
    [at loadConfig (C:\Users\Ashim\ruben_gorjian_frontend\node_modules\tailwindcss\lib\lib\load-config.js:55:6)]
    [at getTailwindConfig (C:\Users\Ashim\ruben_gorjian_frontend\node_modules\tailwindcss\lib\lib\setupTrackingContext.js:74:116)]

Import trace:
  Client Component Browser:
    ./app/globals.css [Client Component Browser]
    ./app/layout.tsx [Server Component]


    at ignore-listed frames
